if
  1
  1
  loop
      x
        1
    recur
      x
