loop
    a
      100
    b
      0
  if
    ==
      a
      0
    b
    recur
      +
        a
        -
          1
      +
        b
        1
