keyword let
identifier main
identifier jfhvjfhfhgiusfdguhsdfguiieufgudifgniudfguibdsfgjsdfiugeiugneiounuefnguoenguoehguoehroughuoeghrouiehrguherguheguioherguherguheguioerhguerhguehrguheurgoiheurgiohueiorghuioerhgueohgruehrguoherguioherugiohreouigheorugherouhguoreihgueiohgehrgoiuehrguheroiughreuoghiouerhguorehguoherogheougheouhgeorghoerhgouerhgouerhgoerhgoehgeoherogheoghoehrgoergoherogeorghoergoegoergoerge
operator =
integer 123
keyword end
