keyword let
identifier main
identifier x
operator =
integer 9223372036854775807
keyword end
