keyword let
identifier main
identifier x
operator =
identifier x
keyword end
