if
  <
    1
    2
  *
    3
    4
  +
    5
    !
      -
        if
          7
          8
          9
