function
    main
      a
      b
  +
    a
    b
